../Drivers/BSP/B-L475E-IOT01/wifi_wrapper.cpp:12:10:bool wifi_init()	8	static
../Drivers/BSP/B-L475E-IOT01/wifi_wrapper.cpp:16:10:bool wifi_connect(const char*, const char*)	16	static
../Drivers/BSP/B-L475E-IOT01/wifi_wrapper.cpp:19:9:int wifi_read_data(uint8_t*, size_t, uint32_t)	24	static
../Drivers/BSP/B-L475E-IOT01/wifi_wrapper.cpp:22:10:bool wifi_send_command(const char*, uint32_t)	16	static
../Drivers/BSP/B-L475E-IOT01/wifi_wrapper.cpp:24:5:void __static_initialization_and_destruction_0()	8	static
../Drivers/BSP/B-L475E-IOT01/wifi_wrapper.cpp:24:5:cpp)	8	static
