../Core/Src/main.c:72:6:HelloWorldTask	40	static
../Core/Src/main.c:89:6:Read_HTS221_WhoAmI	112	static
../Core/Src/main.c:127:6:StartWiFiTask	160	static
../Core/Src/main.c:160:6:WiFiReceiveTask	280	static
../Core/Src/main.c:237:5:main	8	static
../Core/Src/main.c:333:6:SystemClock_Config	96	static
../Core/Src/main.c:394:13:MX_DFSDM1_Init	8	static
../Core/Src/main.c:432:13:MX_I2C2_Init	8	static
../Core/Src/main.c:480:13:MX_QUADSPI_Init	8	static
../Core/Src/main.c:513:13:MX_SPI1_Init	8	static
../Core/Src/main.c:553:13:MX_SPI3_Init	8	static
../Core/Src/main.c:593:13:MX_USART1_UART_Init	8	static
../Core/Src/main.c:628:13:MX_USART3_UART_Init	8	static
../Core/Src/main.c:663:13:MX_USB_OTG_FS_PCD_Init	8	static
../Core/Src/main.c:698:13:MX_GPIO_Init	48	static
../Core/Src/main.c:889:6:StartDefaultTask	16	static
../Core/Src/main.c:908:6:HAL_TIM_PeriodElapsedCallback	16	static
../Core/Src/main.c:926:6:Error_Handler	4	static,ignoring_inline_asm
